------------------------------------------------------------
Timing Analyzer Summary
------------------------------------------------------------

Type  : Slow 1100mV 85C Model Setup 'clk_dram'
Slack : -18.321
TNS   : -488.422

Type  : Slow 1100mV 85C Model Setup 'clk_vga'
Slack : -13.700
TNS   : -331.770

Type  : Slow 1100mV 85C Model Setup 'inst7|clockgen_inst|altera_pll_i|general[0].gpll~PLL_OUTPUT_COUNTER|divclk'
Slack : -11.600
TNS   : -5590.128

Type  : Slow 1100mV 85C Model Setup 'CLOCK_50'
Slack : -6.886
TNS   : -120.819

Type  : Slow 1100mV 85C Model Setup 'inst7|clockgen_inst|altera_pll_i|general[2].gpll~PLL_OUTPUT_COUNTER|divclk'
Slack : -6.778
TNS   : -99.159

Type  : Slow 1100mV 85C Model Setup 'inst7|clockgen_inst|altera_pll_i|general[3].gpll~PLL_OUTPUT_COUNTER|divclk'
Slack : -5.219
TNS   : -85.935

Type  : Slow 1100mV 85C Model Setup 'altera_reserved_tck'
Slack : 22.169
TNS   : 0.000

Type  : Slow 1100mV 85C Model Setup 'inst7|clockgen_inst|altera_pll_i|general[1].gpll~PLL_OUTPUT_COUNTER|divclk'
Slack : 26.285
TNS   : 0.000

Type  : Slow 1100mV 85C Model Hold 'inst7|clockgen_inst|altera_pll_i|general[0].gpll~PLL_OUTPUT_COUNTER|divclk'
Slack : -0.940
TNS   : -0.940

Type  : Slow 1100mV 85C Model Hold 'inst7|clockgen_inst|altera_pll_i|general[3].gpll~PLL_OUTPUT_COUNTER|divclk'
Slack : 0.157
TNS   : 0.000

Type  : Slow 1100mV 85C Model Hold 'inst7|clockgen_inst|altera_pll_i|general[2].gpll~PLL_OUTPUT_COUNTER|divclk'
Slack : 0.220
TNS   : 0.000

Type  : Slow 1100mV 85C Model Hold 'CLOCK_50'
Slack : 0.256
TNS   : 0.000

Type  : Slow 1100mV 85C Model Hold 'inst7|clockgen_inst|altera_pll_i|general[1].gpll~PLL_OUTPUT_COUNTER|divclk'
Slack : 0.406
TNS   : 0.000

Type  : Slow 1100mV 85C Model Hold 'altera_reserved_tck'
Slack : 0.464
TNS   : 0.000

Type  : Slow 1100mV 85C Model Hold 'clk_vga'
Slack : 7.686
TNS   : 0.000

Type  : Slow 1100mV 85C Model Hold 'clk_dram'
Slack : 8.831
TNS   : 0.000

Type  : Slow 1100mV 85C Model Recovery 'inst7|clockgen_inst|altera_pll_i|general[0].gpll~PLL_OUTPUT_COUNTER|divclk'
Slack : 0.207
TNS   : 0.000

Type  : Slow 1100mV 85C Model Recovery 'altera_reserved_tck'
Slack : 58.377
TNS   : 0.000

Type  : Slow 1100mV 85C Model Removal 'inst7|clockgen_inst|altera_pll_i|general[0].gpll~PLL_OUTPUT_COUNTER|divclk'
Slack : 0.502
TNS   : 0.000

Type  : Slow 1100mV 85C Model Removal 'altera_reserved_tck'
Slack : 0.619
TNS   : 0.000

Type  : Slow 1100mV 85C Model Minimum Pulse Width 'inst7|clockgen_inst|altera_pll_i|general[0].gpll~FRACTIONAL_PLL|vcoph[0]'
Slack : 0.233
TNS   : 0.000

Type  : Slow 1100mV 85C Model Minimum Pulse Width 'inst7|clockgen_inst|altera_pll_i|general[2].gpll~PLL_OUTPUT_COUNTER|divclk'
Slack : 3.037
TNS   : 0.000

Type  : Slow 1100mV 85C Model Minimum Pulse Width 'inst7|clockgen_inst|altera_pll_i|general[3].gpll~PLL_OUTPUT_COUNTER|divclk'
Slack : 3.477
TNS   : 0.000

Type  : Slow 1100mV 85C Model Minimum Pulse Width 'CLOCK_50'
Slack : 8.221
TNS   : 0.000

Type  : Slow 1100mV 85C Model Minimum Pulse Width 'inst7|clockgen_inst|altera_pll_i|general[0].gpll~PLL_OUTPUT_COUNTER|divclk'
Slack : 8.418
TNS   : 0.000

Type  : Slow 1100mV 85C Model Minimum Pulse Width 'inst7|clockgen_inst|altera_pll_i|general[1].gpll~PLL_OUTPUT_COUNTER|divclk'
Slack : 14.516
TNS   : 0.000

Type  : Slow 1100mV 85C Model Minimum Pulse Width 'altera_reserved_tck'
Slack : 29.253
TNS   : 0.000

Type  : Slow 1100mV 0C Model Setup 'clk_dram'
Slack : -17.859
TNS   : -479.222

Type  : Slow 1100mV 0C Model Setup 'clk_vga'
Slack : -13.342
TNS   : -322.833

Type  : Slow 1100mV 0C Model Setup 'inst7|clockgen_inst|altera_pll_i|general[0].gpll~PLL_OUTPUT_COUNTER|divclk'
Slack : -11.402
TNS   : -4153.431

Type  : Slow 1100mV 0C Model Setup 'CLOCK_50'
Slack : -6.888
TNS   : -120.840

Type  : Slow 1100mV 0C Model Setup 'inst7|clockgen_inst|altera_pll_i|general[2].gpll~PLL_OUTPUT_COUNTER|divclk'
Slack : -6.206
TNS   : -90.199

Type  : Slow 1100mV 0C Model Setup 'inst7|clockgen_inst|altera_pll_i|general[3].gpll~PLL_OUTPUT_COUNTER|divclk'
Slack : -4.565
TNS   : -74.691

Type  : Slow 1100mV 0C Model Setup 'altera_reserved_tck'
Slack : 22.420
TNS   : 0.000

Type  : Slow 1100mV 0C Model Setup 'inst7|clockgen_inst|altera_pll_i|general[1].gpll~PLL_OUTPUT_COUNTER|divclk'
Slack : 26.481
TNS   : 0.000

Type  : Slow 1100mV 0C Model Hold 'inst7|clockgen_inst|altera_pll_i|general[0].gpll~PLL_OUTPUT_COUNTER|divclk'
Slack : -0.822
TNS   : -0.822

Type  : Slow 1100mV 0C Model Hold 'inst7|clockgen_inst|altera_pll_i|general[2].gpll~PLL_OUTPUT_COUNTER|divclk'
Slack : -0.003
TNS   : -0.003

Type  : Slow 1100mV 0C Model Hold 'inst7|clockgen_inst|altera_pll_i|general[3].gpll~PLL_OUTPUT_COUNTER|divclk'
Slack : 0.175
TNS   : 0.000

Type  : Slow 1100mV 0C Model Hold 'CLOCK_50'
Slack : 0.247
TNS   : 0.000

Type  : Slow 1100mV 0C Model Hold 'inst7|clockgen_inst|altera_pll_i|general[1].gpll~PLL_OUTPUT_COUNTER|divclk'
Slack : 0.371
TNS   : 0.000

Type  : Slow 1100mV 0C Model Hold 'altera_reserved_tck'
Slack : 0.454
TNS   : 0.000

Type  : Slow 1100mV 0C Model Hold 'clk_vga'
Slack : 7.518
TNS   : 0.000

Type  : Slow 1100mV 0C Model Hold 'clk_dram'
Slack : 8.692
TNS   : 0.000

Type  : Slow 1100mV 0C Model Recovery 'inst7|clockgen_inst|altera_pll_i|general[0].gpll~PLL_OUTPUT_COUNTER|divclk'
Slack : 0.403
TNS   : 0.000

Type  : Slow 1100mV 0C Model Recovery 'altera_reserved_tck'
Slack : 58.544
TNS   : 0.000

Type  : Slow 1100mV 0C Model Removal 'inst7|clockgen_inst|altera_pll_i|general[0].gpll~PLL_OUTPUT_COUNTER|divclk'
Slack : 0.467
TNS   : 0.000

Type  : Slow 1100mV 0C Model Removal 'altera_reserved_tck'
Slack : 0.550
TNS   : 0.000

Type  : Slow 1100mV 0C Model Minimum Pulse Width 'inst7|clockgen_inst|altera_pll_i|general[0].gpll~FRACTIONAL_PLL|vcoph[0]'
Slack : 0.306
TNS   : 0.000

Type  : Slow 1100mV 0C Model Minimum Pulse Width 'inst7|clockgen_inst|altera_pll_i|general[2].gpll~PLL_OUTPUT_COUNTER|divclk'
Slack : 3.094
TNS   : 0.000

Type  : Slow 1100mV 0C Model Minimum Pulse Width 'inst7|clockgen_inst|altera_pll_i|general[3].gpll~PLL_OUTPUT_COUNTER|divclk'
Slack : 3.535
TNS   : 0.000

Type  : Slow 1100mV 0C Model Minimum Pulse Width 'CLOCK_50'
Slack : 8.265
TNS   : 0.000

Type  : Slow 1100mV 0C Model Minimum Pulse Width 'inst7|clockgen_inst|altera_pll_i|general[0].gpll~PLL_OUTPUT_COUNTER|divclk'
Slack : 8.493
TNS   : 0.000

Type  : Slow 1100mV 0C Model Minimum Pulse Width 'inst7|clockgen_inst|altera_pll_i|general[1].gpll~PLL_OUTPUT_COUNTER|divclk'
Slack : 14.584
TNS   : 0.000

Type  : Slow 1100mV 0C Model Minimum Pulse Width 'altera_reserved_tck'
Slack : 29.249
TNS   : 0.000

Type  : Fast 1100mV 85C Model Setup 'clk_dram'
Slack : -11.509
TNS   : -314.627

Type  : Fast 1100mV 85C Model Setup 'clk_vga'
Slack : -8.300
TNS   : -200.430

Type  : Fast 1100mV 85C Model Setup 'inst7|clockgen_inst|altera_pll_i|general[0].gpll~PLL_OUTPUT_COUNTER|divclk'
Slack : -7.082
TNS   : -1581.545

Type  : Fast 1100mV 85C Model Setup 'inst7|clockgen_inst|altera_pll_i|general[2].gpll~PLL_OUTPUT_COUNTER|divclk'
Slack : -5.606
TNS   : -83.687

Type  : Fast 1100mV 85C Model Setup 'CLOCK_50'
Slack : -2.862
TNS   : -48.408

Type  : Fast 1100mV 85C Model Setup 'inst7|clockgen_inst|altera_pll_i|general[3].gpll~PLL_OUTPUT_COUNTER|divclk'
Slack : -0.453
TNS   : -1.455

Type  : Fast 1100mV 85C Model Setup 'altera_reserved_tck'
Slack : 24.519
TNS   : 0.000

Type  : Fast 1100mV 85C Model Setup 'inst7|clockgen_inst|altera_pll_i|general[1].gpll~PLL_OUTPUT_COUNTER|divclk'
Slack : 29.031
TNS   : 0.000

Type  : Fast 1100mV 85C Model Hold 'inst7|clockgen_inst|altera_pll_i|general[0].gpll~PLL_OUTPUT_COUNTER|divclk'
Slack : -0.370
TNS   : -0.370

Type  : Fast 1100mV 85C Model Hold 'inst7|clockgen_inst|altera_pll_i|general[3].gpll~PLL_OUTPUT_COUNTER|divclk'
Slack : 0.077
TNS   : 0.000

Type  : Fast 1100mV 85C Model Hold 'CLOCK_50'
Slack : 0.131
TNS   : 0.000

Type  : Fast 1100mV 85C Model Hold 'inst7|clockgen_inst|altera_pll_i|general[2].gpll~PLL_OUTPUT_COUNTER|divclk'
Slack : 0.163
TNS   : 0.000

Type  : Fast 1100mV 85C Model Hold 'altera_reserved_tck'
Slack : 0.218
TNS   : 0.000

Type  : Fast 1100mV 85C Model Hold 'inst7|clockgen_inst|altera_pll_i|general[1].gpll~PLL_OUTPUT_COUNTER|divclk'
Slack : 0.258
TNS   : 0.000

Type  : Fast 1100mV 85C Model Hold 'clk_vga'
Slack : 4.535
TNS   : 0.000

Type  : Fast 1100mV 85C Model Hold 'clk_dram'
Slack : 4.970
TNS   : 0.000

Type  : Fast 1100mV 85C Model Recovery 'inst7|clockgen_inst|altera_pll_i|general[0].gpll~PLL_OUTPUT_COUNTER|divclk'
Slack : 1.520
TNS   : 0.000

Type  : Fast 1100mV 85C Model Recovery 'altera_reserved_tck'
Slack : 59.637
TNS   : 0.000

Type  : Fast 1100mV 85C Model Removal 'altera_reserved_tck'
Slack : 0.256
TNS   : 0.000

Type  : Fast 1100mV 85C Model Removal 'inst7|clockgen_inst|altera_pll_i|general[0].gpll~PLL_OUTPUT_COUNTER|divclk'
Slack : 0.450
TNS   : 0.000

Type  : Fast 1100mV 85C Model Minimum Pulse Width 'inst7|clockgen_inst|altera_pll_i|general[0].gpll~FRACTIONAL_PLL|vcoph[0]'
Slack : 0.573
TNS   : 0.000

Type  : Fast 1100mV 85C Model Minimum Pulse Width 'inst7|clockgen_inst|altera_pll_i|general[2].gpll~PLL_OUTPUT_COUNTER|divclk'
Slack : 3.767
TNS   : 0.000

Type  : Fast 1100mV 85C Model Minimum Pulse Width 'inst7|clockgen_inst|altera_pll_i|general[3].gpll~PLL_OUTPUT_COUNTER|divclk'
Slack : 4.442
TNS   : 0.000

Type  : Fast 1100mV 85C Model Minimum Pulse Width 'CLOCK_50'
Slack : 8.128
TNS   : 0.000

Type  : Fast 1100mV 85C Model Minimum Pulse Width 'inst7|clockgen_inst|altera_pll_i|general[0].gpll~PLL_OUTPUT_COUNTER|divclk'
Slack : 9.288
TNS   : 0.000

Type  : Fast 1100mV 85C Model Minimum Pulse Width 'inst7|clockgen_inst|altera_pll_i|general[1].gpll~PLL_OUTPUT_COUNTER|divclk'
Slack : 15.562
TNS   : 0.000

Type  : Fast 1100mV 85C Model Minimum Pulse Width 'altera_reserved_tck'
Slack : 29.121
TNS   : 0.000

Type  : Fast 1100mV 0C Model Setup 'clk_dram'
Slack : -10.910
TNS   : -300.997

Type  : Fast 1100mV 0C Model Setup 'clk_vga'
Slack : -7.809
TNS   : -188.863

Type  : Fast 1100mV 0C Model Setup 'inst7|clockgen_inst|altera_pll_i|general[0].gpll~PLL_OUTPUT_COUNTER|divclk'
Slack : -6.430
TNS   : -1443.279

Type  : Fast 1100mV 0C Model Setup 'inst7|clockgen_inst|altera_pll_i|general[2].gpll~PLL_OUTPUT_COUNTER|divclk'
Slack : -4.787
TNS   : -71.258

Type  : Fast 1100mV 0C Model Setup 'CLOCK_50'
Slack : -2.659
TNS   : -44.985

Type  : Fast 1100mV 0C Model Setup 'inst7|clockgen_inst|altera_pll_i|general[3].gpll~PLL_OUTPUT_COUNTER|divclk'
Slack : 0.362
TNS   : 0.000

Type  : Fast 1100mV 0C Model Setup 'altera_reserved_tck'
Slack : 24.766
TNS   : 0.000

Type  : Fast 1100mV 0C Model Setup 'inst7|clockgen_inst|altera_pll_i|general[1].gpll~PLL_OUTPUT_COUNTER|divclk'
Slack : 29.454
TNS   : 0.000

Type  : Fast 1100mV 0C Model Hold 'inst7|clockgen_inst|altera_pll_i|general[0].gpll~PLL_OUTPUT_COUNTER|divclk'
Slack : -0.341
TNS   : -0.341

Type  : Fast 1100mV 0C Model Hold 'inst7|clockgen_inst|altera_pll_i|general[3].gpll~PLL_OUTPUT_COUNTER|divclk'
Slack : 0.048
TNS   : 0.000

Type  : Fast 1100mV 0C Model Hold 'CLOCK_50'
Slack : 0.109
TNS   : 0.000

Type  : Fast 1100mV 0C Model Hold 'inst7|clockgen_inst|altera_pll_i|general[2].gpll~PLL_OUTPUT_COUNTER|divclk'
Slack : 0.150
TNS   : 0.000

Type  : Fast 1100mV 0C Model Hold 'altera_reserved_tck'
Slack : 0.195
TNS   : 0.000

Type  : Fast 1100mV 0C Model Hold 'inst7|clockgen_inst|altera_pll_i|general[1].gpll~PLL_OUTPUT_COUNTER|divclk'
Slack : 0.251
TNS   : 0.000

Type  : Fast 1100mV 0C Model Hold 'clk_vga'
Slack : 4.253
TNS   : 0.000

Type  : Fast 1100mV 0C Model Hold 'clk_dram'
Slack : 4.657
TNS   : 0.000

Type  : Fast 1100mV 0C Model Recovery 'inst7|clockgen_inst|altera_pll_i|general[0].gpll~PLL_OUTPUT_COUNTER|divclk'
Slack : 1.750
TNS   : 0.000

Type  : Fast 1100mV 0C Model Recovery 'altera_reserved_tck'
Slack : 59.948
TNS   : 0.000

Type  : Fast 1100mV 0C Model Removal 'altera_reserved_tck'
Slack : 0.211
TNS   : 0.000

Type  : Fast 1100mV 0C Model Removal 'inst7|clockgen_inst|altera_pll_i|general[0].gpll~PLL_OUTPUT_COUNTER|divclk'
Slack : 0.383
TNS   : 0.000

Type  : Fast 1100mV 0C Model Minimum Pulse Width 'inst7|clockgen_inst|altera_pll_i|general[0].gpll~FRACTIONAL_PLL|vcoph[0]'
Slack : 0.600
TNS   : 0.000

Type  : Fast 1100mV 0C Model Minimum Pulse Width 'inst7|clockgen_inst|altera_pll_i|general[2].gpll~PLL_OUTPUT_COUNTER|divclk'
Slack : 3.795
TNS   : 0.000

Type  : Fast 1100mV 0C Model Minimum Pulse Width 'inst7|clockgen_inst|altera_pll_i|general[3].gpll~PLL_OUTPUT_COUNTER|divclk'
Slack : 4.460
TNS   : 0.000

Type  : Fast 1100mV 0C Model Minimum Pulse Width 'CLOCK_50'
Slack : 8.084
TNS   : 0.000

Type  : Fast 1100mV 0C Model Minimum Pulse Width 'inst7|clockgen_inst|altera_pll_i|general[0].gpll~PLL_OUTPUT_COUNTER|divclk'
Slack : 9.316
TNS   : 0.000

Type  : Fast 1100mV 0C Model Minimum Pulse Width 'inst7|clockgen_inst|altera_pll_i|general[1].gpll~PLL_OUTPUT_COUNTER|divclk'
Slack : 15.585
TNS   : 0.000

Type  : Fast 1100mV 0C Model Minimum Pulse Width 'altera_reserved_tck'
Slack : 29.118
TNS   : 0.000

------------------------------------------------------------
